FoundationCourse     read 0  skipped 0  mongo 0 / neon 0  ok
Game                 read 2  skipped 0  mongo 2 / neon 2  ok
UselessGameModel     read 0  skipped 0  mongo 0 / neon 0  ok
Story                read 4  skipped 0  mongo 4 / neon 4  ok
EmailTemplate        read 1  skipped 0  mongo 1 / neon 1  ok
ReadABook            read 0  skipped 0  mongo 0 / neon 0  ok
User                 read 3  skipped 0  mongo 3 / neon 3  ok
Category             read 5  skipped 0  mongo 5 / neon 5  ok
Conversation         read 3  skipped 0  mongo 3 / neon 3  ok
FreestyleSession     read 95  skipped 0  mongo 95 / neon 95  ok
LanguageProfile      read 0  skipped 0  mongo 0 / neon 0  ok
FoundationLesson     read 0  skipped 0  mongo 0 / neon 0  ok
FoundationProgress   read 0  skipped 0  mongo 0 / neon 0  ok
GameScore            read 1  skipped 0  mongo 1 / neon 1  ok
GameSoundEffects     read 1  skipped 0  mongo 1 / neon 1  ok
GameVariation        read 7  skipped 0  mongo 7 / neon 7  ok
PronunciationSession read 0  skipped 0  mongo 0 / neon 0  ok
PronunciationProgress read 0  skipped 0  mongo 0 / neon 0  ok
PracticeSession      read 0  skipped 0  mongo 0 / neon 0  ok
LearningProgress     read 0  skipped 0  mongo 0 / neon 0  ok
Course               read 3  skipped 0  mongo 3 / neon 3  ok
StoryQuestions       read 0  skipped 0  mongo 0 / neon 0  ok
Book                 read 21  skipped 0  mongo 21 / neon 21  ok
EmailSchedule        read 1  skipped 0  mongo 1 / neon 1  ok
DailyJournal         read 34  skipped 0  mongo 34 / neon 34  ok
ReadABookPage        read 0  skipped 0  mongo 0 / neon 0  ok
BillingInformation   read 0  skipped 0  mongo 0 / neon 0  ok
AccountSettings      read 3  skipped 0  mongo 3 / neon 3  ok
Teacher              read 0  skipped 0  mongo 0 / neon 0  ok
Journal              read 43  skipped 0  mongo 43 / neon 43  ok
Resource             read 0  skipped 0  mongo 0 / neon 0  ok
AIGeneratedContent   read 0  skipped 0  mongo 0 / neon 0  ok
Achievement          read 13  skipped 0  mongo 13 / neon 13  ok
Like                 read 146  skipped 0  mongo 146 / neon 146  ok
Notification         read 109  skipped 0  mongo 109 / neon 109  ok
ConversationRecord   read 1  skipped 0  mongo 1 / neon 1  ok
ConversationReview   read 1  skipped 0  mongo 1 / neon 1  ok
FreestyleReview      read 22  skipped 0  mongo 22 / neon 22  ok
WordStat             read 0  skipped 0  mongo 0 / neon 0  ok
FoundationFreestyleLog read 0  skipped 0  mongo 0 / neon 0  ok
Lesson               read 11  skipped 0  mongo 11 / neon 11  ok
PronunciationWord    read 0  skipped 0  mongo 0 / neon 0  ok
PracticeWord         read 0  skipped 0  mongo 0 / neon 0  ok
Enrollment           read 6  skipped 0  mongo 6 / neon 6  ok
BookReport           read 21  skipped 0  mongo 21 / neon 21  ok
ReadingLog           read 125  skipped 0  mongo 125 / neon 125  ok
ScheduleExecutionLog 67b68efb7037135f3037f5e9 skipped: Foreign key constraint violated: `ScheduleExecutionLog_scheduleId_fkey (index)`
ScheduleExecutionLog read 14  skipped 1  mongo 14 / neon 13  MISMATCH
SystemTask           read 118  skipped 0  mongo 118 / neon 118  ok
JournalReview        read 23  skipped 0  mongo 23 / neon 23  ok
UserProgress         read 39  skipped 0  mongo 39 / neon 39  ok
UserSchedule         read 3  skipped 0  mongo 3 / neon 3  ok
Lecture              read 0  skipped 0  mongo 0 / neon 0  ok
Exercise             read 5  skipped 0  mongo 5 / neon 5  ok
Quiz                 read 8  skipped 0  mongo 8 / neon 8  ok
PracticeAttempt      read 0  skipped 0  mongo 0 / neon 0  ok
Progress             read 7  skipped 0  mongo 7 / neon 7  ok
Question             read 99  skipped 0  mongo 99 / neon 99  ok
QuizResult           read 7  skipped 0  mongo 7 / neon 7  ok
